C:\Users\smitj\repos\vv\vv-landing\vv-landing\app\api\auth\[...nextauth]\route.ts
C:\Users\smitj\repos\vv\vv-landing\vv-landing\app\api\content\[id]\route.ts
C:\Users\smitj\repos\vv\vv-landing\vv-landing\app\api\content\page\[page]\route.ts
C:\Users\smitj\repos\vv\vv-landing\vv-landing\app\api\liquidity-pools\[id]\performance\route.ts
C:\Users\smitj\repos\vv\vv-landing\vv-landing\app\api\liquidity-pools\[id]\route.ts
C:\Users\smitj\repos\vv\vv-landing\vv-landing\app\api\navigation\group\[group]\route.ts
C:\Users\smitj\repos\vv\vv-landing\vv-landing\app\api\process-status\[id]\route.ts
C:\Users\smitj\repos\vv\vv-landing\vv-landing\app\api\settings\[key]\route.ts
C:\Users\smitj\repos\vv\vv-landing\vv-landing\apps\corporate-website\api\auth\[...nextauth]\route.ts
C:\Users\smitj\repos\vv\vv-landing\vv-landing\apps\corporate-website\api\content\[id]\route.ts
C:\Users\smitj\repos\vv\vv-landing\vv-landing\apps\corporate-website\api\content\page\[page]\route.ts
C:\Users\smitj\repos\vv\vv-landing\vv-landing\apps\corporate-website\api\liquidity-pools\[id]\performance\route.ts
C:\Users\smitj\repos\vv\vv-landing\vv-landing\apps\corporate-website\api\liquidity-pools\[id]\route.ts
C:\Users\smitj\repos\vv\vv-landing\vv-landing\apps\corporate-website\api\navigation\group\[group]\route.ts
C:\Users\smitj\repos\vv\vv-landing\vv-landing\apps\corporate-website\api\process-status\[id]\route.ts
C:\Users\smitj\repos\vv\vv-landing\vv-landing\apps\corporate-website\api\settings\[key]\route.ts
C:\Users\smitj\repos\vv\vv-landing\vv-landing\apps\corporate-website\app\api\auth\[...nextauth]\route.ts
C:\Users\smitj\repos\vv\vv-landing\vv-landing\apps\corporate-website\app\api\content\[id]\route.ts
C:\Users\smitj\repos\vv\vv-landing\vv-landing\apps\corporate-website\app\api\content\page\[page]\route.ts
C:\Users\smitj\repos\vv\vv-landing\vv-landing\apps\corporate-website\app\api\liquidity-pools\[id]\performance\route.ts
C:\Users\smitj\repos\vv\vv-landing\vv-landing\apps\corporate-website\app\api\liquidity-pools\[id]\route.ts
C:\Users\smitj\repos\vv\vv-landing\vv-landing\apps\corporate-website\app\api\navigation\group\[group]\route.ts
C:\Users\smitj\repos\vv\vv-landing\vv-landing\apps\corporate-website\app\api\process-status\[id]\route.ts
C:\Users\smitj\repos\vv\vv-landing\vv-landing\apps\corporate-website\app\api\settings\[key]\route.ts
C:\Users\smitj\repos\vv\vv-landing\vv-landing\apps\pwa-app\api\auth\[...nextauth]\route.ts
C:\Users\smitj\repos\vv\vv-landing\vv-landing\apps\pwa-app\api\content\[id]\route.ts
C:\Users\smitj\repos\vv\vv-landing\vv-landing\apps\pwa-app\api\content\page\[page]\route.ts
C:\Users\smitj\repos\vv\vv-landing\vv-landing\apps\pwa-app\api\liquidity-pools\[id]\performance\route.ts
C:\Users\smitj\repos\vv\vv-landing\vv-landing\apps\pwa-app\api\liquidity-pools\[id]\route.ts
C:\Users\smitj\repos\vv\vv-landing\vv-landing\apps\pwa-app\api\navigation\group\[group]\route.ts
C:\Users\smitj\repos\vv\vv-landing\vv-landing\apps\pwa-app\api\process-status\[id]\route.ts
C:\Users\smitj\repos\vv\vv-landing\vv-landing\apps\pwa-app\api\settings\[key]\route.ts
C:\Users\smitj\repos\vv\vv-landing\vv-landing\apps\pwa-app\app\api\auth\[...nextauth]\route.ts
C:\Users\smitj\repos\vv\vv-landing\vv-landing\apps\pwa-app\app\api\content\[id]\route.ts
C:\Users\smitj\repos\vv\vv-landing\vv-landing\apps\pwa-app\app\api\content\page\[page]\route.ts
C:\Users\smitj\repos\vv\vv-landing\vv-landing\apps\pwa-app\app\api\liquidity-pools\[id]\performance\route.ts
C:\Users\smitj\repos\vv\vv-landing\vv-landing\apps\pwa-app\app\api\liquidity-pools\[id]\route.ts
C:\Users\smitj\repos\vv\vv-landing\vv-landing\apps\pwa-app\app\api\navigation\group\[group]\route.ts
C:\Users\smitj\repos\vv\vv-landing\vv-landing\apps\pwa-app\app\api\process-status\[id]\route.ts
C:\Users\smitj\repos\vv\vv-landing\vv-landing\apps\pwa-app\app\api\settings\[key]\route.ts
C:\Users\smitj\repos\vv\vv-landing\vv-landing\apps\standard-website\api\auth\[...nextauth]\route.ts
C:\Users\smitj\repos\vv\vv-landing\vv-landing\apps\standard-website\api\content\[id]\route.ts
C:\Users\smitj\repos\vv\vv-landing\vv-landing\apps\standard-website\api\content\page\[page]\route.ts
C:\Users\smitj\repos\vv\vv-landing\vv-landing\apps\standard-website\api\liquidity-pools\[id]\performance\route.ts
C:\Users\smitj\repos\vv\vv-landing\vv-landing\apps\standard-website\api\liquidity-pools\[id]\route.ts
C:\Users\smitj\repos\vv\vv-landing\vv-landing\apps\standard-website\api\navigation\group\[group]\route.ts
C:\Users\smitj\repos\vv\vv-landing\vv-landing\apps\standard-website\api\process-status\[id]\route.ts
C:\Users\smitj\repos\vv\vv-landing\vv-landing\apps\standard-website\api\settings\[key]\route.ts
C:\Users\smitj\repos\vv\vv-landing\vv-landing\apps\standard-website\app\api\auth\[...nextauth]\route.ts
C:\Users\smitj\repos\vv\vv-landing\vv-landing\apps\standard-website\app\api\content\[id]\route.ts
C:\Users\smitj\repos\vv\vv-landing\vv-landing\apps\standard-website\app\api\content\page\[page]\route.ts
C:\Users\smitj\repos\vv\vv-landing\vv-landing\apps\standard-website\app\api\liquidity-pools\[id]\performance\route.ts
C:\Users\smitj\repos\vv\vv-landing\vv-landing\apps\standard-website\app\api\liquidity-pools\[id]\route.ts
C:\Users\smitj\repos\vv\vv-landing\vv-landing\apps\standard-website\app\api\navigation\group\[group]\route.ts
C:\Users\smitj\repos\vv\vv-landing\vv-landing\apps\standard-website\app\api\process-status\[id]\route.ts
C:\Users\smitj\repos\vv\vv-landing\vv-landing\apps\standard-website\app\api\settings\[key]\route.ts
C:\Users\smitj\repos\vv\vv-landing\vv-landing\node_modules\corporate-website\api\auth\[...nextauth]\route.ts
C:\Users\smitj\repos\vv\vv-landing\vv-landing\node_modules\corporate-website\api\content\[id]\route.ts
C:\Users\smitj\repos\vv\vv-landing\vv-landing\node_modules\corporate-website\api\content\page\[page]\route.ts
C:\Users\smitj\repos\vv\vv-landing\vv-landing\node_modules\corporate-website\api\liquidity-pools\[id]\performance\route.ts
C:\Users\smitj\repos\vv\vv-landing\vv-landing\node_modules\corporate-website\api\liquidity-pools\[id]\route.ts
C:\Users\smitj\repos\vv\vv-landing\vv-landing\node_modules\corporate-website\api\navigation\group\[group]\route.ts
C:\Users\smitj\repos\vv\vv-landing\vv-landing\node_modules\corporate-website\api\process-status\[id]\route.ts
C:\Users\smitj\repos\vv\vv-landing\vv-landing\node_modules\corporate-website\api\settings\[key]\route.ts
C:\Users\smitj\repos\vv\vv-landing\vv-landing\node_modules\corporate-website\app\api\auth\[...nextauth]\route.ts
C:\Users\smitj\repos\vv\vv-landing\vv-landing\node_modules\corporate-website\app\api\content\[id]\route.ts
C:\Users\smitj\repos\vv\vv-landing\vv-landing\node_modules\corporate-website\app\api\content\page\[page]\route.ts
C:\Users\smitj\repos\vv\vv-landing\vv-landing\node_modules\corporate-website\app\api\liquidity-pools\[id]\performance\route.ts
C:\Users\smitj\repos\vv\vv-landing\vv-landing\node_modules\corporate-website\app\api\liquidity-pools\[id]\route.ts
C:\Users\smitj\repos\vv\vv-landing\vv-landing\node_modules\corporate-website\app\api\navigation\group\[group]\route.ts
C:\Users\smitj\repos\vv\vv-landing\vv-landing\node_modules\corporate-website\app\api\process-status\[id]\route.ts
C:\Users\smitj\repos\vv\vv-landing\vv-landing\node_modules\corporate-website\app\api\settings\[key]\route.ts
